
 Name                                                      Monthly Qty  Unit              Monthly Cost 
                                                                                                       
 google_compute_address.invalid_usage                                                                  
 └─ IP address (unused)                                 Monthly cost depends on usage: $0.01 per hours 
                                                                                                       
 google_compute_address.preemptible_static                                                             
 └─ IP address (preemptible VM)                                    730  hours                    $1.46 
                                                                                                       
 google_compute_address.preemptible_with_usage                                                         
 └─ IP address (preemptible VM)                                    730  hours                    $1.46 
                                                                                                       
 google_compute_address.standard_static                                                                
 └─ IP address (standard VM)                                       730  hours                    $2.92 
                                                                                                       
 google_compute_address.standard_with_usage                                                            
 └─ IP address (standard VM)                                       730  hours                    $2.92 
                                                                                                       
 google_compute_address.static                                                                         
 └─ IP address (unused)                                 Monthly cost depends on usage: $0.01 per hours 
                                                                                                       
 google_compute_address.unused_with_usage                                                              
 └─ IP address (unused)                                            730  hours                    $7.30 
                                                                                                       
 google_compute_global_address.default                                                                 
 └─ IP address (unused)                                 Monthly cost depends on usage: $0.01 per hours 
                                                                                                       
 google_compute_global_address.standard_with_usage                                                     
 └─ IP address (standard VM)                                       730  hours                    $2.92 
                                                                                                       
 google_compute_instance.preemptible_instance_with_ip                                                  
 ├─ Instance usage (Linux/UNIX, preemptible, f1-micro)             730  hours                    $2.56 
 └─ Standard provisioned storage (pd-standard)                      10  GB                       $0.40 
                                                                                                       
 google_compute_instance.standard_instance_with_ip                                                     
 ├─ Instance usage (Linux/UNIX, on-demand, f1-micro)               730  hours                    $3.88 
 └─ Standard provisioned storage (pd-standard)                      10  GB                       $0.40 
                                                                                                       
 OVERALL TOTAL                                                                                  $26.22 
──────────────────────────────────
13 cloud resources were detected:
∙ 11 were estimated, 9 of which include usage-based costs, see https://infracost.io/usage-file
∙ 2 were free:
  ∙ 2 x google_compute_address
Logs:

level=warning msg="Invalid address_type, ignoring. Expected: standard_vm, preemptible_vm, unused. Got: invalid"